// Jest Snapshot v1, https://goo.gl/fbAQLP

exports[`<Main /> should render the heading 1`] = `
.c0 {
  background-color: #6c63ff;
  color: #f2f2f2;
  width: 100%;
  height: 100%;
  padding: 3rem;
  text-align: center;
  display: -webkit-box;
  display: -webkit-flex;
  display: -ms-flexbox;
  display: flex;
  -webkit-flex-direction: column;
  -ms-flex-direction: column;
  flex-direction: column;
  -webkit-align-items: center;
  -webkit-box-align: center;
  -ms-flex-align: center;
  align-items: center;
  -webkit-box-pack: center;
  -webkit-justify-content: center;
  -ms-flex-pack: center;
  justify-content: center;
}

.c2 {
  font-size: 5rem;
  margin-bottom: 3rem;
}

.c3 {
  font-size: 2rem;
  font-weight: 400;
  max-width: 60rem;
  line-height: 1.4;
}

.c1 {
  margin-bottom: 5rem;
  width: min(30rem,100%);
}

<main
  class="c0"
>
  <img
    alt="A developer working on the computer."
    class="c1"
    src="/img/programmer.svg"
  />
  <h1
    class="c2"
  >
    Boilerplate NextJS
  </h1>
  <h2
    class="c3"
  >
    A simple project starter to work with TypeScript, NextJS, Styled Components, Jest, React Testing Library, Storybook, Eslint, Prettier and PlopJS Generators
  </h2>
</main>
`;
